Microchip MPLAB XC8 Compiler V1.35 ()

Linker command line:

-W-3 --edf=C:\Program Files (x86)\Microchip\xc8\v1.35\dat\en_msgs.txt -cs \
  -h+dist/default/production\IP_controller.X.production.sym \
  --cmf=dist/default/production\IP_controller.X.production.cmf -z -Q18F4520 \
  -oC:\Users\D00171~1\AppData\Local\Temp\s424.2 \
  -Mdist/default/production/IP_controller.X.production.map -E1 -ver=XC8 \
  -ASTACK=080h-05ffh -pstack=STACK -ACODE=00h-07FFFh -ACONST=00h-07FFFh \
  -ASMALLCONST=0600h-06FFhx122 -AMEDIUMCONST=0600h-07FFFh -ACOMRAM=01h-07Fh \
  -AABS1=00h-05FFh -ABIGRAM=01h-05FFh -ARAM=080h-0FFh,0100h-01FFhx5 \
  -ABANK0=080h-0FFh -ABANK1=0100h-01FFh -ABANK2=0200h-02FFh \
  -ABANK3=0300h-03FFh -ABANK4=0400h-04FFh -ABANK5=0500h-05FFh \
  -ASFR=0F80h-0FFFh \
  -preset_vec=00h,intcode=08h,intcodelo,powerup,init,end_init \
  -pramtop=0600h -psmallconst=SMALLCONST -pmediumconst=MEDIUMCONST \
  -pconst=CONST -AFARRAM=00h-00h -ACONFIG=0300000h-030000Dh -pconfig=CONFIG \
  -AIDLOC=0200000h-0200007h -pidloc=IDLOC -AEEDATA=0F00000h-0F000FFh \
  -peeprom_data=EEDATA \
  -prdata=COMRAM,nvrram=COMRAM,nvbit=COMRAM,rbss=COMRAM,rbit=COMRAM \
  -pfarbss=FARRAM,fardata=FARRAM,nvFARRAM=FARRAM \
  -pintsave_regs=BIGRAM,bigbss=BIGRAM,bigdata=BIGRAM -pbss=RAM \
  -pidata=CODE,irdata=CODE,ibigdata=CODE,ifardata=CODE -prparam=COMRAM \
  C:\Users\D00171~1\AppData\Local\Temp\s424.obj \
  dist/default/production\IP_controller.X.production.obj 

Object code version is 3.11

Machine type is 18F4520

Call graph: (short form)




                Name                               Link     Load   Length Selector   Space Scale
C:\Users\D00171~1\AppData\Local\Temp\s424.obj
                end_init                             16       16        4        4       0
                reset_vec                             0        0        4        0       0
                idloc                            200000   200000        8   200000       0
                config                           300000   300000        E   300000       0
dist/default/production\IP_controller.X.production.obj
                intcode                               8        8        E        4       0
                temp                                 2D       2D        1        1       1
                smallconst                          600      600       74      300       0
                text19                              A4E      A4E       7E      33A       0
                text18                              D5C      D5C       12      33A       0
                intcode_body                        890      890       B0      33A       0
                text16                              C70      C70       34      33A       0
                text15                              D4A      D4A       12      33A       0
                text14                              CFE      CFE       20      33A       0
                text13                              D38      D38       12      33A       0
                text12                              CD2      CD2       2C      33A       0
                text11                              794      794       FC      33A       0
                text10                              D7C      D7C        E      33A       0
                text9                               CA4      CA4       2E      33A       0
                text8                               D1E      D1E       1A      33A       0
                text7                               D6E      D6E        E      33A       0
                text6                               BA2      BA2       54      33A       0
                text5                               B3C      B3C       66      33A       0
                text4                               9CA      9CA       84      33A       0
                text3                               ACC      ACC       70      33A       0
                text2                               940      940       8A      33A       0
                text1                               BF6      BF6       42      33A       0
                text0                               674      674      120      33A       0
                cstackCOMRAM                          1        1       21        1       1
                dataCOMRAM                           22       22        6        1       1
                bssCOMRAM                            28       28        5        1       1
                cinit                               C38      C38       38      33A       0
                idataCOMRAM                         D8A      D8A        6      33A       0

TOTAL           Name                               Link     Load   Length     Space
        CLASS   STACK          

        CLASS   CODE           
                end_init                             16       16        4         0
                intcode                               8        8        E         0
                reset_vec                             0        0        4         0
                text19                              A4E      A4E       7E         0
                text18                              D5C      D5C       12         0
                intcode_body                        890      890       B0         0
                text16                              C70      C70       34         0
                text15                              D4A      D4A       12         0
                text14                              CFE      CFE       20         0
                text13                              D38      D38       12         0
                text12                              CD2      CD2       2C         0
                text11                              794      794       FC         0
                text10                              D7C      D7C        E         0
                text9                               CA4      CA4       2E         0
                text8                               D1E      D1E       1A         0
                text7                               D6E      D6E        E         0
                text6                               BA2      BA2       54         0
                text5                               B3C      B3C       66         0
                text4                               9CA      9CA       84         0
                text3                               ACC      ACC       70         0
                text2                               940      940       8A         0
                text1                               BF6      BF6       42         0
                text0                               674      674      120         0
                cinit                               C38      C38       38         0
                idataCOMRAM                         D8A      D8A        6         0

        CLASS   CONST          

        CLASS   SMALLCONST     
                smallconst                          600      600       74         0

        CLASS   MEDIUMCONST    

        CLASS   COMRAM         
                temp                                 2D       2D        1         1
                cstackCOMRAM                          1        1       21         1
                dataCOMRAM                           22       22        6         1
                bssCOMRAM                            28       28        5         1

        CLASS   ABS1           

        CLASS   BIGRAM         

        CLASS   RAM            

        CLASS   BANK0          

        CLASS   BANK1          

        CLASS   BANK2          

        CLASS   BANK3          

        CLASS   BANK4          

        CLASS   BANK5          

        CLASS   SFR            

        CLASS   FARRAM         

        CLASS   CONFIG         
                config                           300000   300000        E         0

        CLASS   IDLOC          
                idloc                            200000   200000        8         0

        CLASS   EEDATA         



SEGMENTS        Name                           Load    Length   Top    Selector   Space  Class

                reset_vec                      000000  000004  000004         0       0  CODE    
                cstackCOMRAM                   000001  00002D  00002E         1       1  COMRAM  
                intcode                        000008  000012  00001A         4       0  CODE    
                smallconst                     000600  000074  000674       300       0  SMALLCON
                text0                          000674  00071C  000D90       33A       0  CODE    
                idloc                          200000  000008  200008    200000       0  IDLOC   
                config                         300000  00000E  30000E    300000       0  CONFIG  


UNUSED ADDRESS RANGES

        Name                Unused          Largest block    Delta
        BANK0            000080-0000FF               80
        BANK1            000100-0001FF              100
        BANK2            000200-0002FF              100
        BANK3            000300-0003FF              100
        BANK4            000400-0004FF              100
        BANK5            000500-0005FF              100
        BIGRAM           00002E-0005FF              5D2
        CODE             000004-000007                4
                         00001A-0005FF              5E6
                         000D90-007FFF             7270
        COMRAM           00002E-00007F               52
        CONST            000004-000007                4
                         00001A-0005FF              5E6
                         000D90-007FFF             7270
        EEDATA           F00000-F000FF              100
        MEDIUMCONST      000D90-007FFF             7270
        RAM              000080-0005FF              100
        SFR              000F80-000FFF               80
        SMALLCONST       000D90-007FFF              100
        STACK            000080-0005FF              580

                                  Symbol Table

?___awdiv                      cstackCOMRAM 000014
?___awmod                      cstackCOMRAM 000014
Find_Button_Press@Button_Count bssCOMRAM    000028
Find_Button_Press@Button_State bssCOMRAM    000029
Find_Button_Press@Temp_Press   bssCOMRAM    00002A
OpenTimer0@config              cstackCOMRAM 000014
Window@num                     cstackCOMRAM 000020
WriteTimer0@timer              cstackCOMRAM 000016
WriteTimer0@timer0             cstackCOMRAM 000014
_ADCON1                        (abs)        000FC1
_Button_Press                  bssCOMRAM    00002B
_Find_Button_Press             text19       000A4E
_HeartBeat                     text15       000D4A
_INTCONbits                    (abs)        000FF2
_Initial                       text12       000CD2
_LATC                          (abs)        000F8B
_LATCbits                      (abs)        000F8B
_LATDbits                      (abs)        000F8C
_OSCCONbits                    (abs)        000FD3
_OpenTimer0                    text14       000CFE
_PORTB                         (abs)        000F81
_PORTCbits                     (abs)        000F82
_T0CON                         (abs)        000FD5
_T0CONbits                     (abs)        000FD5
_TMR0H                         (abs)        000FD7
_TMR0L                         (abs)        000FD6
_TRISB                         (abs)        000F93
_TRISC                         (abs)        000F94
_TRISD                         (abs)        000F95
_Window                        text5        000B3C
_WriteTimer0                   text13       000D38
__CFG_BOREN$SBORDIS            (abs)        000000
__CFG_BORV$3                   (abs)        000000
__CFG_CCP2MX$PORTC             (abs)        000000
__CFG_CP0$OFF                  (abs)        000000
__CFG_CP1$OFF                  (abs)        000000
__CFG_CP2$OFF                  (abs)        000000
__CFG_CP3$OFF                  (abs)        000000
__CFG_CPB$OFF                  (abs)        000000
__CFG_CPD$OFF                  (abs)        000000
__CFG_EBTR0$OFF                (abs)        000000
__CFG_EBTR1$OFF                (abs)        000000
__CFG_EBTR2$OFF                (abs)        000000
__CFG_EBTR3$OFF                (abs)        000000
__CFG_EBTRB$OFF                (abs)        000000
__CFG_FCMEN$OFF                (abs)        000000
__CFG_IESO$OFF                 (abs)        000000
__CFG_LPT1OSC$OFF              (abs)        000000
__CFG_LVP$OFF                  (abs)        000000
__CFG_MCLRE$ON                 (abs)        000000
__CFG_OSC$HS                   (abs)        000000
__CFG_PBADEN$OFF               (abs)        000000
__CFG_PWRT$OFF                 (abs)        000000
__CFG_STVREN$ON                (abs)        000000
__CFG_WDT$OFF                  (abs)        000000
__CFG_WDTPS$32768              (abs)        000000
__CFG_WRT0$OFF                 (abs)        000000
__CFG_WRT1$OFF                 (abs)        000000
__CFG_WRT2$OFF                 (abs)        000000
__CFG_WRT3$OFF                 (abs)        000000
__CFG_WRTB$OFF                 (abs)        000000
__CFG_WRTC$OFF                 (abs)        000000
__CFG_WRTD$OFF                 (abs)        000000
__CFG_XINST$OFF                (abs)        000000
__HRAM                         (abs)        000000
__Habs1                        abs1         000000
__Hbank0                       bank0        000000
__Hbank1                       bank1        000000
__Hbank2                       bank2        000000
__Hbank3                       bank3        000000
__Hbank4                       bank4        000000
__Hbank5                       bank5        000000
__Hbigbss                      bigbss       000000
__Hbigdata                     bigdata      000000
__Hbigram                      bigram       000000
__Hbss                         bss          000000
__HbssCOMRAM                   bssCOMRAM    000000
__Hcinit                       cinit        000000
__Hclrtext                     clrtext      000000
__Hcomram                      comram       000000
__Hconfig                      config       30000E
__Hconst                       const        000000
__HcstackCOMRAM                cstackCOMRAM 000000
__Hdata                        data         000000
__HdataCOMRAM                  dataCOMRAM   000000
__Heeprom_data                 eeprom_data  000000
__Hend_init                    end_init     00001A
__Hfarbss                      farbss       000000
__Hfardata                     fardata      000000
__Hibigdata                    ibigdata     000000
__Hidata                       idata        000000
__HidataCOMRAM                 idataCOMRAM  000000
__Hidloc                       idloc        200008
__Hifardata                    ifardata     000000
__Hinit                        init         000016
__Hintcode                     intcode      000016
__Hintcode_body                intcode_body 000000
__Hintcodelo                   intcodelo    000016
__Hintentry                    intentry     000000
__Hintret                      intret       000000
__Hintsave_regs                intsave_regs 000000
__Hirdata                      irdata       000000
__Hmediumconst                 mediumconst  000000
__HnvFARRAM                    nvFARRAM     000000
__Hnvbit                       nvbit        000000
__Hnvrram                      nvrram       000000
__Hparam                       rparam       000000
__Hpowerup                     powerup      000016
__Hram                         ram          000000
__Hramtop                      ramtop       000600
__Hrbit                        rbit         000000
__Hrbss                        rbss         000000
__Hrdata                       rdata        000000
__Hreset_vec                   reset_vec    000004
__Hrparam                      rparam       000000
__Hsfr                         sfr          000000
__Hsmallconst                  smallconst   000674
__Hspace_0                     (abs)        30000E
__Hspace_1                     (abs)        00002E
__Hspace_2                     (abs)        000000
__Hstack                       stack        000000
__Hstruct                      struct       000000
__Htemp                        temp         00002E
__Htext                        text         000000
__Htext0                       text0        000000
__Htext1                       text1        000000
__Htext10                      text10       000000
__Htext11                      text11       000000
__Htext12                      text12       000000
__Htext13                      text13       000000
__Htext14                      text14       000000
__Htext15                      text15       000000
__Htext16                      text16       000000
__Htext18                      text18       000000
__Htext19                      text19       000000
__Htext2                       text2        000000
__Htext3                       text3        000000
__Htext4                       text4        000000
__Htext5                       text5        000000
__Htext6                       text6        000000
__Htext7                       text7        000000
__Htext8                       text8        000000
__Htext9                       text9        000000
__LRAM                         (abs)        000001
__Labs1                        abs1         000000
__Lbank0                       bank0        000000
__Lbank1                       bank1        000000
__Lbank2                       bank2        000000
__Lbank3                       bank3        000000
__Lbank4                       bank4        000000
__Lbank5                       bank5        000000
__Lbigbss                      bigbss       000000
__Lbigdata                     bigdata      000000
__Lbigram                      bigram       000000
__Lbss                         bss          000000
__LbssCOMRAM                   bssCOMRAM    000000
__Lcinit                       cinit        000000
__Lclrtext                     clrtext      000000
__Lcomram                      comram       000000
__Lconfig                      config       300000
__Lconst                       const        000000
__LcstackCOMRAM                cstackCOMRAM 000000
__Ldata                        data         000000
__LdataCOMRAM                  dataCOMRAM   000000
__Leeprom_data                 eeprom_data  000000
__Lend_init                    end_init     000016
__Lfarbss                      farbss       000000
__Lfardata                     fardata      000000
__Libigdata                    ibigdata     000000
__Lidata                       idata        000000
__LidataCOMRAM                 idataCOMRAM  000000
__Lidloc                       idloc        200000
__Lifardata                    ifardata     000000
__Linit                        init         000016
__Lintcode                     intcode      000008
__Lintcode_body                intcode_body 000000
__Lintcodelo                   intcodelo    000016
__Lintentry                    intentry     000000
__Lintret                      intret       000000
__Lintsave_regs                intsave_regs 000000
__Lirdata                      irdata       000000
__Lmediumconst                 mediumconst  000000
__LnvFARRAM                    nvFARRAM     000000
__Lnvbit                       nvbit        000000
__Lnvrram                      nvrram       000000
__Lparam                       rparam       000000
__Lpowerup                     powerup      000016
__Lram                         ram          000000
__Lramtop                      ramtop       000600
__Lrbit                        rbit         000000
__Lrbss                        rbss         000000
__Lrdata                       rdata        000000
__Lreset_vec                   reset_vec    000000
__Lrparam                      rparam       000000
__Lsfr                         sfr          000000
__Lsmallconst                  smallconst   000600
__Lspace_0                     (abs)        000000
__Lspace_1                     (abs)        000000
__Lspace_2                     (abs)        000000
__Lstack                       stack        000000
__Lstruct                      struct       000000
__Ltemp                        temp         00002D
__Ltext                        text         000000
__Ltext0                       text0        000000
__Ltext1                       text1        000000
__Ltext10                      text10       000000
__Ltext11                      text11       000000
__Ltext12                      text12       000000
__Ltext13                      text13       000000
__Ltext14                      text14       000000
__Ltext15                      text15       000000
__Ltext16                      text16       000000
__Ltext18                      text18       000000
__Ltext19                      text19       000000
__Ltext2                       text2        000000
__Ltext3                       text3        000000
__Ltext4                       text4        000000
__Ltext5                       text5        000000
__Ltext6                       text6        000000
__Ltext7                       text7        000000
__Ltext8                       text8        000000
__Ltext9                       text9        000000
__S0                           (abs)        30000E
__S1                           (abs)        00002E
__S2                           (abs)        000000
___awdiv                       text4        0009CA
___awdiv@counter               cstackCOMRAM 000018
___awdiv@dividend              cstackCOMRAM 000014
___awdiv@divisor               cstackCOMRAM 000016
___awdiv@quotient              cstackCOMRAM 00001A
___awdiv@sign                  cstackCOMRAM 000019
___awmod                       text3        000ACC
___awmod@counter               cstackCOMRAM 000018
___awmod@dividend              cstackCOMRAM 000014
___awmod@divisor               cstackCOMRAM 000016
___awmod@sign                  cstackCOMRAM 000019
___inthi_sp                    stack        000000
___intlo_sp                    stack        000000
___param_bank                  (abs)        000010
___rparam_used                 (abs)        000001
___sp                          stack        000000
__accesstop                    (abs)        000080
__activetblptr                 (abs)        000002
__end_of_Find_Button_Press     text19       000ACC
__end_of_HeartBeat             text15       000D5C
__end_of_Initial               text12       000CFE
__end_of_OpenTimer0            text14       000D1E
__end_of_Window                text5        000BA2
__end_of_WriteTimer0           text13       000D4A
__end_of___awdiv               text4        000A4E
__end_of___awmod               text3        000B3C
__end_of__initialization       cinit        000C62
__end_of_delay_s               text16       000CA4
__end_of_lcd_clear             text9        000CD2
__end_of_lcd_command           text10       000D8A
__end_of_lcd_cursor            text8        000D38
__end_of_lcd_display_value     text2        0009CA
__end_of_lcd_init              smallconst   000606
__end_of_lcd_print             text6        000BF6
__end_of_lcd_print_ch          text7        000D7C
__end_of_lcd_raw_send          text11       000890
__end_of_lcd_start             text1        000C38
__end_of_main                  text0        000794
__end_of_msg_ary               smallconst   000646
__end_of_myIsr                 intcode_body 000940
__end_ofi2_WriteTimer0         text18       000D6E
__initialization               cinit        000C38
__mediumconst                  mediumconst  000000
__pbssCOMRAM                   bssCOMRAM    000028
__pcinit                       cinit        000C38
__pcstackCOMRAM                cstackCOMRAM 000001
__pdataCOMRAM                  dataCOMRAM   000022
__pidataCOMRAM                 idataCOMRAM  000D8A
__pintcode                     intcode      000008
__pintcode_body                intcode_body 000890
__psmallconst                  smallconst   000600
__ptext0                       text0        000674
__ptext1                       text1        000BF6
__ptext10                      text10       000D7C
__ptext11                      text11       000794
__ptext12                      text12       000CD2
__ptext13                      text13       000D38
__ptext14                      text14       000CFE
__ptext15                      text15       000D4A
__ptext16                      text16       000C70
__ptext18                      text18       000D5C
__ptext19                      text19       000A4E
__ptext2                       text2        000940
__ptext3                       text3        000ACC
__ptext4                       text4        0009CA
__ptext5                       text5        000B3C
__ptext6                       text6        000BA2
__ptext7                       text7        000D6E
__ptext8                       text8        000D1E
__ptext9                       text9        000CA4
__ramtop                       ramtop       000600
__size_of_Find_Button_Press    (abs)        000000
__size_of_HeartBeat            (abs)        000000
__size_of_Initial              (abs)        000000
__size_of_OpenTimer0           (abs)        000000
__size_of_Window               (abs)        000000
__size_of_WriteTimer0          (abs)        000000
__size_of___awdiv              (abs)        000000
__size_of___awmod              (abs)        000000
__size_of_delay_s              (abs)        000000
__size_of_lcd_clear            (abs)        000000
__size_of_lcd_command          (abs)        000000
__size_of_lcd_cursor           (abs)        000000
__size_of_lcd_display_value    (abs)        000000
__size_of_lcd_print            (abs)        000000
__size_of_lcd_print_ch         (abs)        000000
__size_of_lcd_raw_send         (abs)        000000
__size_of_lcd_start            (abs)        000000
__size_of_main                 (abs)        000000
__size_of_myIsr                (abs)        000000
__size_ofi2_WriteTimer0        (abs)        000000
__smallconst                   smallconst   000600
_count_test                    bssCOMRAM    00002C
_delay_s                       text16       000C70
_lcd_clear                     text9        000CA4
_lcd_command                   text10       000D7C
_lcd_cursor                    text8        000D1E
_lcd_display_value             text2        000940
_lcd_init                      smallconst   000601
_lcd_print                     text6        000BA2
_lcd_print_ch                  text7        000D6E
_lcd_raw_send                  text11       000794
_lcd_start                     text1        000BF6
_main                          text0        000674
_motor1                        dataCOMRAM   000022
_msg_ary                       smallconst   000606
_myIsr                         intcode      000008
_problem                       dataCOMRAM   000024
_startup                       dataCOMRAM   000026
btemp                          temp         00002D
delay_s@i                      cstackCOMRAM 000017
delay_s@j                      cstackCOMRAM 000016
delay_s@secs                   cstackCOMRAM 000015
end_of_initialization          cinit        000C62
i2WriteTimer0@timer            cstackCOMRAM 000003
i2WriteTimer0@timer0           cstackCOMRAM 000001
i2_WriteTimer0                 text18       000D5C
int$flags                      temp         00002D
int_func                       intcode_body 000890
intlevel0                      text         000000
intlevel1                      text         000000
intlevel2                      text         000000
intlevel3                      text         000000
lcd_command@in                 cstackCOMRAM 000018
lcd_cursor@x                   cstackCOMRAM 00001A
lcd_cursor@y                   cstackCOMRAM 000019
lcd_display_value@hunds        cstackCOMRAM 00001C
lcd_display_value@tens         cstackCOMRAM 00001D
lcd_display_value@units        cstackCOMRAM 00001E
lcd_display_value@value        cstackCOMRAM 00001F
lcd_print@i                    cstackCOMRAM 00001D
lcd_print@mess                 cstackCOMRAM 000019
lcd_print_ch@in                cstackCOMRAM 000018
lcd_raw_send@RS                cstackCOMRAM 000014
lcd_raw_send@in                cstackCOMRAM 000017
lcd_start@i                    cstackCOMRAM 00001B
main@my_mch_state              cstackCOMRAM 000021
stackhi                        (abs)        0005FF
stacklo                        (abs)        000080
start                          init         000016
start_initialization           cinit        000C38


FUNCTION INFORMATION:

 *************** function _main *****************
 Defined at:
		line 106 in file "Motor_1.c"
 Parameters:    Size  Location     Type
		None
 Auto vars:     Size  Location     Type
  my_mch_state    1   32[COMRAM] enum E4345
 Return value:  Size  Location     Type
		None               void
 Registers used:
		wreg, status,2, status,0, tblptrl, tblptrh, tblptru, prodl, prodh, cstack
 Tracked objects:
		On entry : 
		On exit  : 
		Unchanged: 
 Data sizes:     COMRAM   BANK0   BANK1   BANK2   BANK3   BANK4   BANK5
      Params:         0       0       0       0       0       0       0
      Locals:         1       0       0       0       0       0       0
      Temps:          0       0       0       0       0       0       0
      Totals:         1       0       0       0       0       0       0
Total ram usage:        1 bytes
 Hardware stack levels required when called:    6
 This function calls:
		_HeartBeat
		_Initial
		_Window
		_delay_s
		_lcd_clear
		_lcd_cursor
		_lcd_display_value
		_lcd_print
		_lcd_start
 This function is called by:
		Startup code after reset
 This function uses a non-reentrant model


 *************** function _lcd_start *****************
 Defined at:
		line 189 in file "../Repositories/LCD_library/lcdlib_2016.c"
 Parameters:    Size  Location     Type
		None
 Auto vars:     Size  Location     Type
  i               1   26[COMRAM] unsigned char 
  t               1    0        unsigned char 
 Return value:  Size  Location     Type
                  1    wreg      unsigned char 
 Registers used:
		wreg, status,2, status,0, tblptrl, tblptrh, tblptru, prodl, prodh, cstack
 Tracked objects:
		On entry : 
		On exit  : 
		Unchanged: 
 Data sizes:     COMRAM   BANK0   BANK1   BANK2   BANK3   BANK4   BANK5
      Params:         0       0       0       0       0       0       0
      Locals:         1       0       0       0       0       0       0
      Temps:          1       0       0       0       0       0       0
      Totals:         2       0       0       0       0       0       0
Total ram usage:        2 bytes
 Hardware stack levels used:    1
 Hardware stack levels required when called:    5
 This function calls:
		_lcd_clear
		_lcd_command
 This function is called by:
		_main
 This function uses a non-reentrant model


 *************** function _lcd_display_value *****************
 Defined at:
		line 244 in file "../Repositories/LCD_library/lcdlib_2016.c"
 Parameters:    Size  Location     Type
  value           1    wreg     unsigned char 
 Auto vars:     Size  Location     Type
  value           1   30[COMRAM] unsigned char 
  units           1   29[COMRAM] unsigned char 
  tens            1   28[COMRAM] unsigned char 
  hunds           1   27[COMRAM] unsigned char 
 Return value:  Size  Location     Type
		None               void
 Registers used:
		wreg, status,2, status,0, cstack
 Tracked objects:
		On entry : 
		On exit  : 
		Unchanged: 
 Data sizes:     COMRAM   BANK0   BANK1   BANK2   BANK3   BANK4   BANK5
      Params:         0       0       0       0       0       0       0
      Locals:         4       0       0       0       0       0       0
      Temps:          0       0       0       0       0       0       0
      Totals:         4       0       0       0       0       0       0
Total ram usage:        4 bytes
 Hardware stack levels used:    1
 Hardware stack levels required when called:    4
 This function calls:
		___awdiv
		___awmod
		_lcd_print_ch
 This function is called by:
		_main
 This function uses a non-reentrant model


 *************** function ___awmod *****************
 Defined at:
		line 8 in file "C:\Program Files (x86)\Microchip\xc8\v1.35\sources\common\awmod.c"
 Parameters:    Size  Location     Type
  dividend        2   19[COMRAM] int 
  divisor         2   21[COMRAM] int 
 Auto vars:     Size  Location     Type
  sign            1   24[COMRAM] unsigned char 
  counter         1   23[COMRAM] unsigned char 
 Return value:  Size  Location     Type
                  2   19[COMRAM] int 
 Registers used:
		wreg, status,2, status,0
 Tracked objects:
		On entry : 
		On exit  : 
		Unchanged: 
 Data sizes:     COMRAM   BANK0   BANK1   BANK2   BANK3   BANK4   BANK5
      Params:         4       0       0       0       0       0       0
      Locals:         2       0       0       0       0       0       0
      Temps:          0       0       0       0       0       0       0
      Totals:         6       0       0       0       0       0       0
Total ram usage:        6 bytes
 Hardware stack levels used:    1
 Hardware stack levels required when called:    2
 This function calls:
		Nothing
 This function is called by:
		_lcd_display_value
 This function uses a non-reentrant model


 *************** function ___awdiv *****************
 Defined at:
		line 8 in file "C:\Program Files (x86)\Microchip\xc8\v1.35\sources\common\awdiv.c"
 Parameters:    Size  Location     Type
  dividend        2   19[COMRAM] int 
  divisor         2   21[COMRAM] int 
 Auto vars:     Size  Location     Type
  quotient        2   25[COMRAM] int 
  sign            1   24[COMRAM] unsigned char 
  counter         1   23[COMRAM] unsigned char 
 Return value:  Size  Location     Type
                  2   19[COMRAM] int 
 Registers used:
		wreg, status,2, status,0
 Tracked objects:
		On entry : 
		On exit  : 
		Unchanged: 
 Data sizes:     COMRAM   BANK0   BANK1   BANK2   BANK3   BANK4   BANK5
      Params:         4       0       0       0       0       0       0
      Locals:         4       0       0       0       0       0       0
      Temps:          0       0       0       0       0       0       0
      Totals:         8       0       0       0       0       0       0
Total ram usage:        8 bytes
 Hardware stack levels used:    1
 Hardware stack levels required when called:    2
 This function calls:
		Nothing
 This function is called by:
		_lcd_display_value
 This function uses a non-reentrant model


 *************** function _Window *****************
 Defined at:
		line 219 in file "Motor_1.c"
 Parameters:    Size  Location     Type
  num             1    wreg     unsigned char 
 Auto vars:     Size  Location     Type
  num             1   31[COMRAM] unsigned char 
 Return value:  Size  Location     Type
		None               void
 Registers used:
		wreg, status,2, status,0, tblptrl, tblptrh, tblptru, prodl, prodh, cstack
 Tracked objects:
		On entry : 
		On exit  : 
		Unchanged: 
 Data sizes:     COMRAM   BANK0   BANK1   BANK2   BANK3   BANK4   BANK5
      Params:         0       0       0       0       0       0       0
      Locals:         1       0       0       0       0       0       0
      Temps:          2       0       0       0       0       0       0
      Totals:         3       0       0       0       0       0       0
Total ram usage:        3 bytes
 Hardware stack levels used:    1
 Hardware stack levels required when called:    5
 This function calls:
		_lcd_clear
		_lcd_cursor
		_lcd_print
 This function is called by:
		_main
 This function uses a non-reentrant model


 *************** function _lcd_print *****************
 Defined at:
		line 215 in file "../Repositories/LCD_library/lcdlib_2016.c"
 Parameters:    Size  Location     Type
  mess            2   24[COMRAM] PTR const unsigned char 
		 -> msg_ary(64), STR_2(12), STR_1(8), 
 Auto vars:     Size  Location     Type
  i               1   28[COMRAM] unsigned char 
 Return value:  Size  Location     Type
                  1    wreg      unsigned char 
 Registers used:
		wreg, status,2, status,0, tblptrl, tblptrh, tblptru, prodl, prodh, cstack
 Tracked objects:
		On entry : 
		On exit  : 
		Unchanged: 
 Data sizes:     COMRAM   BANK0   BANK1   BANK2   BANK3   BANK4   BANK5
      Params:         2       0       0       0       0       0       0
      Locals:         1       0       0       0       0       0       0
      Temps:          2       0       0       0       0       0       0
      Totals:         5       0       0       0       0       0       0
Total ram usage:        5 bytes
 Hardware stack levels used:    1
 Hardware stack levels required when called:    4
 This function calls:
		_lcd_print_ch
 This function is called by:
		_main
		_Window
 This function uses a non-reentrant model


 *************** function _lcd_print_ch *****************
 Defined at:
		line 115 in file "../Repositories/LCD_library/lcdlib_2016.c"
 Parameters:    Size  Location     Type
  in              1    wreg     unsigned char 
 Auto vars:     Size  Location     Type
  in              1   23[COMRAM] unsigned char 
 Return value:  Size  Location     Type
                  1    wreg      unsigned char 
 Registers used:
		wreg, status,2, status,0, cstack
 Tracked objects:
		On entry : 
		On exit  : 
		Unchanged: 
 Data sizes:     COMRAM   BANK0   BANK1   BANK2   BANK3   BANK4   BANK5
      Params:         0       0       0       0       0       0       0
      Locals:         1       0       0       0       0       0       0
      Temps:          0       0       0       0       0       0       0
      Totals:         1       0       0       0       0       0       0
Total ram usage:        1 bytes
 Hardware stack levels used:    1
 Hardware stack levels required when called:    3
 This function calls:
		_lcd_raw_send
 This function is called by:
		_lcd_print
		_lcd_display_value
		_lcd_display_int_value
 This function uses a non-reentrant model


 *************** function _lcd_cursor *****************
 Defined at:
		line 144 in file "../Repositories/LCD_library/lcdlib_2016.c"
 Parameters:    Size  Location     Type
  x               1    wreg     unsigned char 
  y               1   24[COMRAM] unsigned char 
 Auto vars:     Size  Location     Type
  x               1   25[COMRAM] unsigned char 
 Return value:  Size  Location     Type
                  1    wreg      unsigned char 
 Registers used:
		wreg, status,2, status,0, cstack
 Tracked objects:
		On entry : 
		On exit  : 
		Unchanged: 
 Data sizes:     COMRAM   BANK0   BANK1   BANK2   BANK3   BANK4   BANK5
      Params:         1       0       0       0       0       0       0
      Locals:         1       0       0       0       0       0       0
      Temps:          0       0       0       0       0       0       0
      Totals:         2       0       0       0       0       0       0
Total ram usage:        2 bytes
 Hardware stack levels used:    1
 Hardware stack levels required when called:    4
 This function calls:
		_lcd_command
 This function is called by:
		_main
		_Window
 This function uses a non-reentrant model


 *************** function _lcd_clear *****************
 Defined at:
		line 131 in file "../Repositories/LCD_library/lcdlib_2016.c"
 Parameters:    Size  Location     Type
		None
 Auto vars:     Size  Location     Type
		None
 Return value:  Size  Location     Type
                  1    wreg      unsigned char 
 Registers used:
		wreg, status,2, status,0, cstack
 Tracked objects:
		On entry : 
		On exit  : 
		Unchanged: 
 Data sizes:     COMRAM   BANK0   BANK1   BANK2   BANK3   BANK4   BANK5
      Params:         0       0       0       0       0       0       0
      Locals:         0       0       0       0       0       0       0
      Temps:          1       0       0       0       0       0       0
      Totals:         1       0       0       0       0       0       0
Total ram usage:        1 bytes
 Hardware stack levels used:    1
 Hardware stack levels required when called:    4
 This function calls:
		_lcd_command
 This function is called by:
		_lcd_start
		_main
		_Window
 This function uses a non-reentrant model


 *************** function _lcd_command *****************
 Defined at:
		line 123 in file "../Repositories/LCD_library/lcdlib_2016.c"
 Parameters:    Size  Location     Type
  in              1    wreg     unsigned char 
 Auto vars:     Size  Location     Type
  in              1   23[COMRAM] unsigned char 
 Return value:  Size  Location     Type
		None               void
 Registers used:
		wreg, status,2, status,0, cstack
 Tracked objects:
		On entry : 
		On exit  : 
		Unchanged: 
 Data sizes:     COMRAM   BANK0   BANK1   BANK2   BANK3   BANK4   BANK5
      Params:         0       0       0       0       0       0       0
      Locals:         1       0       0       0       0       0       0
      Temps:          0       0       0       0       0       0       0
      Totals:         1       0       0       0       0       0       0
Total ram usage:        1 bytes
 Hardware stack levels used:    1
 Hardware stack levels required when called:    3
 This function calls:
		_lcd_raw_send
 This function is called by:
		_lcd_clear
		_lcd_cursor
		_lcd_start
		_lcd_cursor_on
		_lcd_cursor_off
 This function uses a non-reentrant model


 *************** function _lcd_raw_send *****************
 Defined at:
		line 74 in file "../Repositories/LCD_library/lcdlib_2016.c"
 Parameters:    Size  Location     Type
  in              1    wreg     unsigned char 
  RS              1   19[COMRAM] unsigned char 
 Auto vars:     Size  Location     Type
  in              1   22[COMRAM] unsigned char 
 Return value:  Size  Location     Type
		None               void
 Registers used:
		wreg, status,2, status,0
 Tracked objects:
		On entry : 
		On exit  : 
		Unchanged: 
 Data sizes:     COMRAM   BANK0   BANK1   BANK2   BANK3   BANK4   BANK5
      Params:         1       0       0       0       0       0       0
      Locals:         1       0       0       0       0       0       0
      Temps:          2       0       0       0       0       0       0
      Totals:         4       0       0       0       0       0       0
Total ram usage:        4 bytes
 Hardware stack levels used:    1
 Hardware stack levels required when called:    2
 This function calls:
		Nothing
 This function is called by:
		_lcd_print_ch
		_lcd_command
 This function uses a non-reentrant model


 *************** function _Initial *****************
 Defined at:
		line 202 in file "Motor_1.c"
 Parameters:    Size  Location     Type
		None
 Auto vars:     Size  Location     Type
		None
 Return value:  Size  Location     Type
		None               void
 Registers used:
		wreg, status,2, status,0, cstack
 Tracked objects:
		On entry : 
		On exit  : 
		Unchanged: 
 Data sizes:     COMRAM   BANK0   BANK1   BANK2   BANK3   BANK4   BANK5
      Params:         0       0       0       0       0       0       0
      Locals:         0       0       0       0       0       0       0
      Temps:          0       0       0       0       0       0       0
      Totals:         0       0       0       0       0       0       0
Total ram usage:        0 bytes
 Hardware stack levels used:    1
 Hardware stack levels required when called:    3
 This function calls:
		_OpenTimer0
		_WriteTimer0
		_delay_s
 This function is called by:
		_main
 This function uses a non-reentrant model


 *************** function _WriteTimer0 *****************
 Defined at:
		line 16 in file "C:\Program Files (x86)\Microchip\xc8\v1.35\sources\pic18\plib\Timers\t0write.c"
 Parameters:    Size  Location     Type
  timer0          2   19[COMRAM] unsigned int 
 Auto vars:     Size  Location     Type
  timer           2   21[COMRAM] struct Timers
 Return value:  Size  Location     Type
		None               void
 Registers used:
		None
 Tracked objects:
		On entry : 
		On exit  : 
		Unchanged: 
 Data sizes:     COMRAM   BANK0   BANK1   BANK2   BANK3   BANK4   BANK5
      Params:         2       0       0       0       0       0       0
      Locals:         2       0       0       0       0       0       0
      Temps:          0       0       0       0       0       0       0
      Totals:         4       0       0       0       0       0       0
Total ram usage:        4 bytes
 Hardware stack levels used:    1
 Hardware stack levels required when called:    2
 This function calls:
		Nothing
 This function is called by:
		_Initial
 This function uses a non-reentrant model


 *************** function _OpenTimer0 *****************
 Defined at:
		line 18 in file "C:\Program Files (x86)\Microchip\xc8\v1.35\sources\pic18\plib\Timers\t0open.c"
 Parameters:    Size  Location     Type
  config          1    wreg     unsigned char 
 Auto vars:     Size  Location     Type
  config          1   19[COMRAM] unsigned char 
 Return value:  Size  Location     Type
		None               void
 Registers used:
		wreg, status,2, status,0
 Tracked objects:
		On entry : 
		On exit  : 
		Unchanged: 
 Data sizes:     COMRAM   BANK0   BANK1   BANK2   BANK3   BANK4   BANK5
      Params:         0       0       0       0       0       0       0
      Locals:         1       0       0       0       0       0       0
      Temps:          0       0       0       0       0       0       0
      Totals:         1       0       0       0       0       0       0
Total ram usage:        1 bytes
 Hardware stack levels used:    1
 Hardware stack levels required when called:    2
 This function calls:
		Nothing
 This function is called by:
		_Initial
 This function uses a non-reentrant model


 *************** function _HeartBeat *****************
 Defined at:
		line 248 in file "Motor_1.c"
 Parameters:    Size  Location     Type
		None
 Auto vars:     Size  Location     Type
		None
 Return value:  Size  Location     Type
		None               void
 Registers used:
		wreg, status,2, status,0, cstack
 Tracked objects:
		On entry : 
		On exit  : 
		Unchanged: 
 Data sizes:     COMRAM   BANK0   BANK1   BANK2   BANK3   BANK4   BANK5
      Params:         0       0       0       0       0       0       0
      Locals:         0       0       0       0       0       0       0
      Temps:          0       0       0       0       0       0       0
      Totals:         0       0       0       0       0       0       0
Total ram usage:        0 bytes
 Hardware stack levels used:    1
 Hardware stack levels required when called:    3
 This function calls:
		_delay_s
 This function is called by:
		_main
 This function uses a non-reentrant model


 *************** function _delay_s *****************
 Defined at:
		line 229 in file "Motor_1.c"
 Parameters:    Size  Location     Type
  secs            1    wreg     unsigned char 
 Auto vars:     Size  Location     Type
  secs            1   20[COMRAM] unsigned char 
  i               1   22[COMRAM] unsigned char 
  j               1   21[COMRAM] unsigned char 
 Return value:  Size  Location     Type
		None               void
 Registers used:
		wreg, status,2, status,0
 Tracked objects:
		On entry : 
		On exit  : 
		Unchanged: 
 Data sizes:     COMRAM   BANK0   BANK1   BANK2   BANK3   BANK4   BANK5
      Params:         0       0       0       0       0       0       0
      Locals:         3       0       0       0       0       0       0
      Temps:          1       0       0       0       0       0       0
      Totals:         4       0       0       0       0       0       0
Total ram usage:        4 bytes
 Hardware stack levels used:    1
 Hardware stack levels required when called:    2
 This function calls:
		Nothing
 This function is called by:
		_main
		_Initial
		_HeartBeat
 This function uses a non-reentrant model


 *************** function _myIsr *****************
 Defined at:
		line 73 in file "Motor_1.c"
 Parameters:    Size  Location     Type
		None
 Auto vars:     Size  Location     Type
		None
 Return value:  Size  Location     Type
		None               void
 Registers used:
		wreg, status,2, status,0, cstack
 Tracked objects:
		On entry : 
		On exit  : 
		Unchanged: 
 Data sizes:     COMRAM   BANK0   BANK1   BANK2   BANK3   BANK4   BANK5
      Params:         0       0       0       0       0       0       0
      Locals:         0       0       0       0       0       0       0
      Temps:         15       0       0       0       0       0       0
      Totals:        15       0       0       0       0       0       0
Total ram usage:       15 bytes
 Hardware stack levels used:    1
 Hardware stack levels required when called:    1
 This function calls:
		_Find_Button_Press
		i2_WriteTimer0
 This function is called by:
		Interrupt level 2
 This function uses a non-reentrant model


 *************** function i2_WriteTimer0 *****************
 Defined at:
		line 16 in file "C:\Program Files (x86)\Microchip\xc8\v1.35\sources\pic18\plib\Timers\t0write.c"
 Parameters:    Size  Location     Type
  timer0          2    0[COMRAM] unsigned int 
 Auto vars:     Size  Location     Type
  WriteTimer0     2    2[COMRAM] struct Timers
 Return value:  Size  Location     Type
		None               void
 Registers used:
		None
 Tracked objects:
		On entry : 
		On exit  : 
		Unchanged: 
 Data sizes:     COMRAM   BANK0   BANK1   BANK2   BANK3   BANK4   BANK5
      Params:         2       0       0       0       0       0       0
      Locals:         2       0       0       0       0       0       0
      Temps:          0       0       0       0       0       0       0
      Totals:         4       0       0       0       0       0       0
Total ram usage:        4 bytes
 Hardware stack levels used:    1
 This function calls:
		Nothing
 This function is called by:
		_myIsr
 This function uses a non-reentrant model


 *************** function _Find_Button_Press *****************
 Defined at:
		line 36 in file "../Repositories/Buttons_Debounce_State_Mch/Buttons_Debounce.X/Buttons_Debounce.c"
 Parameters:    Size  Location     Type
		None
 Auto vars:     Size  Location     Type
		None
 Return value:  Size  Location     Type
		None               void
 Registers used:
		wreg, status,2, status,0
 Tracked objects:
		On entry : 
		On exit  : 
		Unchanged: 
 Data sizes:     COMRAM   BANK0   BANK1   BANK2   BANK3   BANK4   BANK5
      Params:         0       0       0       0       0       0       0
      Locals:         0       0       0       0       0       0       0
      Temps:          0       0       0       0       0       0       0
      Totals:         0       0       0       0       0       0       0
Total ram usage:        0 bytes
 Hardware stack levels used:    1
 This function calls:
		Nothing
 This function is called by:
		_myIsr
 This function uses a non-reentrant model



MODULE INFORMATION

Module		Function		Class		Link	Load	Size
C:\Program Files (x86)\Microchip\xc8\v1.35\sources\common\awdiv.c
		___awdiv       		CODE           	09CA	0000	133

C:\Program Files (x86)\Microchip\xc8\v1.35\sources\common\awdiv.c estimated size: 133

../Repositories/LCD_library/lcdlib_2016.c
		_lcd_command   		CODE           	0D7C	0000	15
		_lcd_start     		CODE           	0BF6	0000	67
		_lcd_clear     		CODE           	0CA4	0000	47
		_lcd_display_value		CODE           	0940	0000	139
		_lcd_cursor    		CODE           	0D1E	0000	27
		_lcd_print     		CODE           	0BA2	0000	85
		_lcd_print_ch  		CODE           	0D6E	0000	15
		_lcd_raw_send  		CODE           	0794	0000	253

../Repositories/LCD_library/lcdlib_2016.c estimated size: 648

../Repositories/Buttons_Debounce_State_Mch/Buttons_Debounce.X/Buttons_Debounce.c
		_Find_Button_Press		CODE           	0A4E	0000	127

../Repositories/Buttons_Debounce_State_Mch/Buttons_Debounce.X/Buttons_Debounce.c estimated size: 127

shared
		_msg_ary       		SMALLCONST     	0606	0000	65
		__initialization		CODE           	0C38	0000	43
		i2_WriteTimer0 		CODE           	0D5C	0000	19
		_lcd_init      		SMALLCONST     	0601	0000	6

shared estimated size: 133

C:\Program Files (x86)\Microchip\xc8\v1.35\sources\pic18\plib\Timers\t0write.c
		_WriteTimer0   		CODE           	0D38	0000	19

C:\Program Files (x86)\Microchip\xc8\v1.35\sources\pic18\plib\Timers\t0write.c estimated size: 19

C:\Program Files (x86)\Microchip\xc8\v1.35\sources\common\awmod.c
		___awmod       		CODE           	0ACC	0000	113

C:\Program Files (x86)\Microchip\xc8\v1.35\sources\common\awmod.c estimated size: 113

C:\Program Files (x86)\Microchip\xc8\v1.35\sources\pic18\plib\Timers\t0open.c
		_OpenTimer0    		CODE           	0CFE	0000	33

C:\Program Files (x86)\Microchip\xc8\v1.35\sources\pic18\plib\Timers\t0open.c estimated size: 33

Motor_1.c
		_HeartBeat     		CODE           	0D4A	0000	19
		_main          		CODE           	0674	0000	289
		_Initial       		CODE           	0CD2	0000	45
		_myIsr         		CODE           	0008	0000	191
		_Window        		CODE           	0B3C	0000	103
		_delay_s       		CODE           	0C70	0000	53

Motor_1.c estimated size: 700

